{"type":"FeatureCollection","features":[{"type":"Feature","geometry":{"type":"MultiPoint","coordinates":[[-0.1242721,51.5130827,0],[-0.1282954,51.5114668,0]]}},{"type":"Feature","geometry":{"type":"MultiLineString","coordinates":[[[-0.1265359,51.5079679,0],[-0.1232529,51.5096239,0],[-0.1192832,51.5111463,0],[-0.118897,51.5112131,0],[-0.1188111,51.5116805,0],[-0.1185536,51.5124951,0],[-0.1177812,51.5129892,0],[-0.1170516,51.5131895,0],[-0.116086,51.5132563,0],[-0.1153779,51.5130693,0],[-0.1149058,51.5129491,0],[-0.1145196,51.5127221,0],[-0.1135325,51.5128957,0],[-0.1127386,51.5133765,0],[-0.110786,51.5136702,0],[-0.1109147,51.5139507,0],[-0.1114726,51.5153928,0],[-0.1118803,51.5161673,0],[-0.1129103,51.5172088,0],[-0.113554,51.5179699,0],[-0.1136613,51.5181836,0],[-0.1146269,51.5181168,0],[-0.1169658,51.5178498,0],[-0.1180816,51.517783,0],[-0.1186395,51.5176495,0],[-0.1189828,51.5176228,0],[-0.1192403,51.5176762,0],[-0.120163,51.5175694,0],[-0.1205921,51.5175026,0],[-0.1217508,51.5173157,0],[-0.1212144,51.5165946,0],[-0.1205063,51.5159537,0],[-0.1218796,51.5149922,0],[-0.1221585,51.5145249,0],[-0.1231241,51.5139106,0],[-0.1235104,51.5137771,0],[-0.123682,51.5136235,0],[-0.1243901,51.5132095,0],[-0.1253772,51.5126286,0],[-0.1263964,51.5121279,0],[-0.126965,51.511981,0],[-0.126965,51.5118274,0],[-0.1270294,51.5117272,0],[-0.1269007,51.5108125,0],[-0.126847,51.5095838,0],[-0.126847,51.5094636,0],[-0.127008,51.5093969,0],[-0.1271689,51.5094102,0],[-0.1271045,51.5087692,0],[-0.1269865,51.5079679,0]]]}},{"type":"Feature","geometry":{"type":"MultiLineString","coordinates":[[[-0.127126,51.5072734,0],[-0.1265359,51.5071866,0],[-0.1252377,51.5069395,0],[-0.123843,51.5066924,0],[-0.1226306,51.5064386,0],[-0.1234674,51.5041881,0],[-0.1239181,51.5026254,0],[-0.1243365,51.5010225,0],[-0.125978,51.5010559,0],[-0.1259351,51.5027055,0],[-0.1260853,51.5040546,0],[-0.1264071,51.5050429,0],[-0.1267719,51.5057909,0],[-0.1271582,51.5065121,0],[-0.1273298,51.5069662,0]]]}}]}