{"type":"FeatureCollection","features":[{"type":"Feature","geometry":{"type":"MultiPoint","coordinates":[[0,0,0],[0,0,0],[0,0,0],[0,0,0]]}}]}